#
# There is insufficient memory for the Java Runtime Environment to continue.
# Native memory allocation (mmap) failed to map 260046848 bytes for G1 virtual space
# Possible reasons:
#   The system is out of physical RAM or swap space
#   The process is running with CompressedOops enabled, and the Java Heap may be blocking the growth of the native heap
# Possible solutions:
#   Reduce memory load on the system
#   Increase physical memory or swap space
#   Check if swap backing store is full
#   Decrease Java heap size (-Xmx/-Xms)
#   Decrease number of Java threads
#   Decrease Java thread stack sizes (-Xss)
#   Set larger code cache with -XX:ReservedCodeCacheSize=
#   JVM is running with Zero Based Compressed Oops mode in which the Java heap is
#     placed in the first 32GB address space. The Java Heap base address is the
#     maximum limit for the native heap growth. Please use -XX:HeapBaseMinAddress
#     to set the Java Heap base and to place the Java Heap above 32GB virtual address.
# This output file may be truncated or incomplete.
#
#  Out of Memory Error (os_windows.cpp:3550), pid=4724, tid=5024
#
# JRE version:  (17.0.6+9) (build )
# Java VM: Java HotSpot(TM) 64-Bit Server VM (17.0.6+9-LTS-190, mixed mode, emulated-client, sharing, tiered, compressed oops, compressed class ptrs, g1 gc, windows-amd64)
# No core dump will be written. Minidumps are not enabled by default on client versions of Windows
#

---------------  S U M M A R Y ------------

Command Line: -XX:TieredStopAtLevel=1 -Dspring.output.ansi.enabled=always -Dcom.sun.management.jmxremote -Dspring.jmx.enabled=true -Dspring.liveBeansView.mbeanDomain -Dspring.application.admin.enabled=true -Dmanagement.endpoints.jmx.exposure.include=* -javaagent:E:\Cai_Dat\Intellij_2024\Data\IntelliJ IDEA 2024.2.2\lib\idea_rt.jar=51152:E:\Cai_Dat\Intellij_2024\Data\IntelliJ IDEA 2024.2.2\bin -Dfile.encoding=UTF-8 com.example.tob.TobApplication

Host: AMD Ryzen 5 4600H with Radeon Graphics         , 12 cores, 15G,  Windows 11 , 64 bit Build 26100 (10.0.26100.7309)
Time: Thu Dec 25 17:51:37 2025 SE Asia Standard Time elapsed time: 1.063379 seconds (0d 0h 0m 1s)

---------------  T H R E A D  ---------------

Current thread (0x0000029439b352f0):  JavaThread "Unknown thread" [_thread_in_vm, id=5024, stack(0x000000c1b9600000,0x000000c1b9700000)]

Stack: [0x000000c1b9600000,0x000000c1b9700000]
Native frames: (J=compiled Java code, j=interpreted, Vv=VM code, C=native code)
V  [jvm.dll+0x6734ea]
V  [jvm.dll+0x7d18f4]
V  [jvm.dll+0x7d309e]
V  [jvm.dll+0x7d3703]
V  [jvm.dll+0x2433c5]
V  [jvm.dll+0x6703f9]
V  [jvm.dll+0x664d32]
V  [jvm.dll+0x300086]
V  [jvm.dll+0x307606]
V  [jvm.dll+0x356c1e]
V  [jvm.dll+0x356e4f]
V  [jvm.dll+0x2d72e8]
V  [jvm.dll+0x2d8254]
V  [jvm.dll+0x7a33b1]
V  [jvm.dll+0x3647f1]
V  [jvm.dll+0x782839]
V  [jvm.dll+0x3e757f]
V  [jvm.dll+0x3e9001]
C  [jli.dll+0x5297]
C  [ucrtbase.dll+0x37b0]
C  [KERNEL32.DLL+0x2e8d7]
C  [ntdll.dll+0x8c53c]


---------------  P R O C E S S  ---------------

Threads class SMR info:
_java_thread_list=0x00007ffcb633e958, length=0, elements={
}

Java Threads: ( => current thread )

Other Threads:
  0x0000029439ba0cb0 GCTaskThread "GC Thread#0" [stack: 0x000000c1b9700000,0x000000c1b9800000] [id=15864]
  0x0000029439bb1170 ConcurrentGCThread "G1 Main Marker" [stack: 0x000000c1b9800000,0x000000c1b9900000] [id=9340]
  0x0000029439bb2750 ConcurrentGCThread "G1 Conc#0" [stack: 0x000000c1b9900000,0x000000c1b9a00000] [id=23984]

[error occurred during error reporting (printing all threads), id 0xc0000005, EXCEPTION_ACCESS_VIOLATION (0xc0000005) at pc=0x00007ffcb5b77f07]

VM state: not at safepoint (not fully initialized)

VM Mutex/Monitor currently owned by a thread:  ([mutex/lock_event])
[0x0000029439b32910] Heap_lock - owner thread: 0x0000029439b352f0

Heap address: 0x0000000709800000, size: 3944 MB, Compressed Oops mode: Zero based, Oop shift amount: 3

CDS archive(s) mapped at: [0x0000000000000000-0x0000000000000000-0x0000000000000000), size 0, SharedBaseAddress: 0x0000000800000000, ArchiveRelocationMode: 0.
Narrow klass base: 0x0000000000000000, Narrow klass shift: 0, Narrow klass range: 0x0

GC Precious Log:
<Empty>

Heap:
 garbage-first heap   total 0K, used 0K [0x0000000709800000, 0x0000000800000000)
  region size 2048K, 0 young (0K), 0 survivors (0K)

[error occurred during error reporting (printing heap information), id 0xc0000005, EXCEPTION_ACCESS_VIOLATION (0xc0000005) at pc=0x00007ffcb5f5c759]

GC Heap History (0 events):
No events

Deoptimization events (0 events):
No events

Classes unloaded (0 events):
No events

Classes redefined (0 events):
No events

Internal exceptions (0 events):
No events

VM Operations (0 events):
No events

Events (1 events):
Event: 0.009 Loaded shared library C:\Program Files\Java\jdk-17\bin\java.dll


Dynamic libraries:
0x00007ff74fc10000 - 0x00007ff74fc20000 	C:\Program Files\Java\jdk-17\bin\java.exe
0x00007ffd2f3a0000 - 0x00007ffd2f607000 	C:\WINDOWS\SYSTEM32\ntdll.dll
0x00007ffd2dc80000 - 0x00007ffd2dd49000 	C:\WINDOWS\System32\KERNEL32.DLL
0x00007ffd2ca60000 - 0x00007ffd2ce4f000 	C:\WINDOWS\System32\KERNELBASE.dll
0x00007ffd2c910000 - 0x00007ffd2ca5b000 	C:\WINDOWS\System32\ucrtbase.dll
0x00007ffd17b40000 - 0x00007ffd17b58000 	C:\Program Files\Java\jdk-17\bin\jli.dll
0x00007ffd17f70000 - 0x00007ffd17f8b000 	C:\Program Files\Java\jdk-17\bin\VCRUNTIME140.dll
0x00007ffd2f2a0000 - 0x00007ffd2f354000 	C:\WINDOWS\System32\ADVAPI32.dll
0x00007ffd2e010000 - 0x00007ffd2e0b9000 	C:\WINDOWS\System32\msvcrt.dll
0x00007ffd2d9f0000 - 0x00007ffd2da96000 	C:\WINDOWS\System32\sechost.dll
0x00007ffd2d2b0000 - 0x00007ffd2d3c8000 	C:\WINDOWS\System32\RPCRT4.dll
0x00007ffd2dab0000 - 0x00007ffd2dc75000 	C:\WINDOWS\System32\USER32.dll
0x00007ffd14ca0000 - 0x00007ffd14f33000 	C:\WINDOWS\WinSxS\amd64_microsoft.windows.common-controls_6595b64144ccf1df_6.0.26100.7309_none_3e05feeae336a044\COMCTL32.dll
0x00007ffd2c850000 - 0x00007ffd2c877000 	C:\WINDOWS\System32\win32u.dll
0x00007ffd2d280000 - 0x00007ffd2d2ab000 	C:\WINDOWS\System32\GDI32.dll
0x00007ffd2c4f0000 - 0x00007ffd2c61c000 	C:\WINDOWS\System32\gdi32full.dll
0x00007ffd2ae00000 - 0x00007ffd2ae0b000 	C:\WINDOWS\SYSTEM32\VERSION.dll
0x00007ffd2ce60000 - 0x00007ffd2cf03000 	C:\WINDOWS\System32\msvcp_win.dll
0x00007ffd2d140000 - 0x00007ffd2d171000 	C:\WINDOWS\System32\IMM32.DLL
0x00007ffd25060000 - 0x00007ffd2506c000 	C:\Program Files\Java\jdk-17\bin\vcruntime140_1.dll
0x00007ffd05e40000 - 0x00007ffd05ece000 	C:\Program Files\Java\jdk-17\bin\msvcp140.dll
0x00007ffcb5890000 - 0x00007ffcb6467000 	C:\Program Files\Java\jdk-17\bin\server\jvm.dll
0x00007ffd2e730000 - 0x00007ffd2e738000 	C:\WINDOWS\System32\PSAPI.DLL
0x00007ffd0d720000 - 0x00007ffd0d72a000 	C:\WINDOWS\SYSTEM32\WSOCK32.dll
0x00007ffd246a0000 - 0x00007ffd246d5000 	C:\WINDOWS\SYSTEM32\WINMM.dll
0x00007ffd2dd70000 - 0x00007ffd2dde4000 	C:\WINDOWS\System32\WS2_32.dll
0x00007ffd2b270000 - 0x00007ffd2b28b000 	C:\WINDOWS\SYSTEM32\kernel.appcore.dll
0x00007ffd17f60000 - 0x00007ffd17f6a000 	C:\Program Files\Java\jdk-17\bin\jimage.dll
0x00007ffd1f760000 - 0x00007ffd1f9a2000 	C:\WINDOWS\SYSTEM32\DBGHELP.DLL
0x00007ffd2ef10000 - 0x00007ffd2f295000 	C:\WINDOWS\System32\combase.dll
0x00007ffd2df00000 - 0x00007ffd2dfd6000 	C:\WINDOWS\System32\OLEAUT32.dll
0x00007ffd0f4e0000 - 0x00007ffd0f51c000 	C:\WINDOWS\SYSTEM32\dbgcore.DLL
0x00007ffd2cf10000 - 0x00007ffd2cfb5000 	C:\WINDOWS\System32\bcryptPrimitives.dll
0x00007ffd1f470000 - 0x00007ffd1f47e000 	C:\Program Files\Java\jdk-17\bin\instrument.dll
0x00007ffd14fa0000 - 0x00007ffd14fc5000 	C:\Program Files\Java\jdk-17\bin\java.dll

dbghelp: loaded successfully - version: 4.0.5 - missing functions: none
symbol engine: initialized successfully - sym options: 0x614 - pdb path: .;C:\Program Files\Java\jdk-17\bin;C:\WINDOWS\SYSTEM32;C:\WINDOWS\WinSxS\amd64_microsoft.windows.common-controls_6595b64144ccf1df_6.0.26100.7309_none_3e05feeae336a044;C:\Program Files\Java\jdk-17\bin\server

VM Arguments:
jvm_args: -XX:TieredStopAtLevel=1 -Dspring.output.ansi.enabled=always -Dcom.sun.management.jmxremote -Dspring.jmx.enabled=true -Dspring.liveBeansView.mbeanDomain -Dspring.application.admin.enabled=true -Dmanagement.endpoints.jmx.exposure.include=* -javaagent:E:\Cai_Dat\Intellij_2024\Data\IntelliJ IDEA 2024.2.2\lib\idea_rt.jar=51152:E:\Cai_Dat\Intellij_2024\Data\IntelliJ IDEA 2024.2.2\bin -Dfile.encoding=UTF-8 
java_command: com.example.tob.TobApplication
java_class_path (initial): E:\TAI_LIEU_HOC_TAP\Badminton_Project\badminton\back_end\tob\target\classes;C:\Users\Admin\.m2\repository\org\springframework\boot\spring-boot-starter-data-jpa\3.5.8\spring-boot-starter-data-jpa-3.5.8.jar;C:\Users\Admin\.m2\repository\org\springframework\boot\spring-boot-starter\3.5.8\spring-boot-starter-3.5.8.jar;C:\Users\Admin\.m2\repository\org\springframework\boot\spring-boot-starter-logging\3.5.8\spring-boot-starter-logging-3.5.8.jar;C:\Users\Admin\.m2\repository\ch\qos\logback\logback-classic\1.5.21\logback-classic-1.5.21.jar;C:\Users\Admin\.m2\repository\ch\qos\logback\logback-core\1.5.21\logback-core-1.5.21.jar;C:\Users\Admin\.m2\repository\org\apache\logging\log4j\log4j-to-slf4j\2.24.3\log4j-to-slf4j-2.24.3.jar;C:\Users\Admin\.m2\repository\org\apache\logging\log4j\log4j-api\2.24.3\log4j-api-2.24.3.jar;C:\Users\Admin\.m2\repository\org\slf4j\jul-to-slf4j\2.0.17\jul-to-slf4j-2.0.17.jar;C:\Users\Admin\.m2\repository\jakarta\annotation\jakarta.annotation-api\2.1.1\jakarta.annotation-api-2.1.1.jar;C:\Users\Admin\.m2\repository\org\yaml\snakeyaml\2.4\snakeyaml-2.4.jar;C:\Users\Admin\.m2\repository\org\springframework\boot\spring-boot-starter-jdbc\3.5.8\spring-boot-starter-jdbc-3.5.8.jar;C:\Users\Admin\.m2\repository\com\zaxxer\HikariCP\6.3.3\HikariCP-6.3.3.jar;C:\Users\Admin\.m2\repository\org\hibernate\orm\hibernate-core\6.6.36.Final\hibernate-core-6.6.36.Final.jar;C:\Users\Admin\.m2\repository\jakarta\persistence\jakarta.persistence-api\3.1.0\jakarta.persistence-api-3.1.0.jar;C:\Users\Admin\.m2\repository\jakarta\transaction\jakarta.transaction-api\2.0.1\jakarta.transaction-api-2.0.1.jar;C:\Users\Admin\.m2\repository\org\jboss\logging\jboss-logging\3.6.1.Final\jboss-logging-3.6.1.Final.jar;C:\Users\Admin\.m2\repository\org\hibernate\common\hibernate-commons-annotations\7.0.3.Final\hibernate-commons-annotations-7.0.3.Final.jar;C:\Users\Admin\.m2\repository\io\smallrye\jandex\3.2.0\jandex-3.2.0.jar;C:\Users\Admin\.m2\repository\com\f
Launcher Type: SUN_STANDARD

[Global flags]
     intx CICompilerCount                          = 4                                         {product} {ergonomic}
     uint ConcGCThreads                            = 3                                         {product} {ergonomic}
     uint G1ConcRefinementThreads                  = 10                                        {product} {ergonomic}
   size_t G1HeapRegionSize                         = 2097152                                   {product} {ergonomic}
    uintx GCDrainStackTargetSize                   = 64                                        {product} {ergonomic}
   size_t InitialHeapSize                          = 260046848                                 {product} {ergonomic}
     bool ManagementServer                         = true                                      {product} {command line}
   size_t MarkStackSize                            = 4194304                                   {product} {ergonomic}
   size_t MaxHeapSize                              = 4135583744                                {product} {ergonomic}
   size_t MinHeapDeltaBytes                        = 2097152                                   {product} {ergonomic}
   size_t MinHeapSize                              = 8388608                                   {product} {ergonomic}
    uintx NonProfiledCodeHeapSize                  = 0                                      {pd product} {ergonomic}
     bool ProfileInterpreter                       = false                                  {pd product} {command line}
    uintx ProfiledCodeHeapSize                     = 0                                      {pd product} {ergonomic}
   size_t SoftMaxHeapSize                          = 4135583744                             {manageable} {ergonomic}
     intx TieredStopAtLevel                        = 1                                         {product} {command line}
     bool UseCompressedClassPointers               = true                           {product lp64_product} {ergonomic}
     bool UseCompressedOops                        = true                           {product lp64_product} {ergonomic}
     bool UseG1GC                                  = true                                      {product} {ergonomic}
     bool UseLargePagesIndividualAllocation        = false                                  {pd product} {ergonomic}

Logging:
Log output configuration:
 #0: stdout all=warning uptime,level,tags
 #1: stderr all=off uptime,level,tags

Environment Variables:
JAVA_HOME=C:\Program Files\Java\jdk-17
PATH=D:\Cai_Dat\oracle\WINDOWS.X64_193000_db_home\bin;C:\Program Files\Microsoft SQL Server\130\Tools\Binn\;C:\Program Files\Microsoft SQL Server\150\Tools\Binn\;C:\Program Files\dotnet\;C:\WINDOWS\system32;C:\WINDOWS;C:\Program Files\Git\bin;C:\Program Files\Git\cmd;C:\Users\Admin\AppData\Local\nvm;C:\nvm4w\nodejs;C:\WINDOWS\system32;C:\WINDOWS;C:\WINDOWS\System32\Wbem;C:\WINDOWS\System32\WindowsPowerShell\v1.0\;C:\WINDOWS\System32\OpenSSH\;C:\Program Files\Docker\Docker\resources\bin;C:\Users\Admin\AppData\Local\Programs\Python\Python313\Scripts\;C:\Users\Admin\AppData\Local\Programs\Python\Python313\;C:\Users\Admin\AppData\Local\Microsoft\WindowsApps;C:\Program Files\Azure Data Studio\bin;C:\Program Files\JetBrains\IntelliJ IDEA 2020.3.4\bin;;C:\Users\Admin\AppData\Local\GitHubDesktop\bin;C:\Users\Admin\.dotnet\tools;C:\Users\Admin\AppData\Local\Programs\Microsoft VS Code\bin;C:\Users\Admin\AppData\Roaming\npm;E:\Cai_Dat\MongoDBCompass\;C:\Users\Admin\AppData\Local\nvm;C:\nvm4w\nodejs;C:\Program Files\Java\jdk-17\bin;E:\Cai_Dat\apache-maven-3.9.9\bin;
USERNAME=Admin
OS=Windows_NT
PROCESSOR_IDENTIFIER=AMD64 Family 23 Model 96 Stepping 1, AuthenticAMD



---------------  S Y S T E M  ---------------

OS:
 Windows 11 , 64 bit Build 26100 (10.0.26100.7309)
OS uptime: 0 days 7:02 hours
Hyper-V role detected

CPU: total 12 (initial active 12) (12 cores per cpu, 2 threads per core) family 23 model 96 stepping 1 microcode 0x8600104, cx8, cmov, fxsr, ht, mmx, 3dnowpref, sse, sse2, sse3, ssse3, sse4a, sse4.1, sse4.2, popcnt, lzcnt, tsc, tscinvbit, avx, avx2, aes, clmul, bmi1, bmi2, adx, sha, fma, vzeroupper, clflush, clflushopt, hv

Memory: 4k page, system-wide physical 15771M (1574M free)
TotalPageFile size 23963M (AvailPageFile size 138M)
current process WorkingSet (physical memory assigned to process): 12M, peak: 12M
current process commit charge ("private bytes"): 59M, peak: 307M

vm_info: Java HotSpot(TM) 64-Bit Server VM (17.0.6+9-LTS-190) for windows-amd64 JRE (17.0.6+9-LTS-190), built on Dec  6 2022 15:53:54 by "mach5one" with MS VC++ 17.1 (VS2022)

END.
